test_authorized_schedule_is_visible_on_publish_page_before_task_start (test_desktop_wechat_schedule_wiring.DesktopWechatScheduleWiringTests.test_authorized_schedule_is_visible_on_publish_page_before_task_start)
新增页面后，已授权任务仍必须先切到用户可见的发布中心。 ... FAIL

======================================================================
FAIL: test_authorized_schedule_is_visible_on_publish_page_before_task_start (test_desktop_wechat_schedule_wiring.DesktopWechatScheduleWiringTests.test_authorized_schedule_is_visible_on_publish_page_before_task_start)
新增页面后，已授权任务仍必须先切到用户可见的发布中心。
----------------------------------------------------------------------
Traceback (most recent call last):
  File "/private/tmp/oneclick-task7-fix1-663b68e/test_desktop_wechat_schedule_wiring.py", line 69, in test_authorized_schedule_is_visible_on_publish_page_before_task_start
    desktop_native_app.start_authorized_wechat_schedule(
  File "/private/tmp/oneclick-task7-fix1-663b68e/desktop_native_app.py", line 563, in start_authorized_wechat_schedule
    task = publish_service.start_desktop_publish(payloads)
           ^^^^^^^^^^^^^^^^^^^^^^^^^^^^^^^^^^^^^^^^^^^^^^^
  File "/opt/homebrew/Cellar/python@3.12/3.12.13_2/Frameworks/Python.framework/Versions/3.12/lib/python3.12/unittest/mock.py", line 1139, in __call__
    return self._mock_call(*args, **kwargs)
           ^^^^^^^^^^^^^^^^^^^^^^^^^^^^^^^^
  File "/opt/homebrew/Cellar/python@3.12/3.12.13_2/Frameworks/Python.framework/Versions/3.12/lib/python3.12/unittest/mock.py", line 1143, in _mock_call
    return self._execute_mock_call(*args, **kwargs)
           ^^^^^^^^^^^^^^^^^^^^^^^^^^^^^^^^^^^^^^^^
  File "/opt/homebrew/Cellar/python@3.12/3.12.13_2/Frameworks/Python.framework/Versions/3.12/lib/python3.12/unittest/mock.py", line 1204, in _execute_mock_call
    result = effect(*args, **kwargs)
             ^^^^^^^^^^^^^^^^^^^^^^^
  File "/private/tmp/oneclick-task7-fix1-663b68e/test_desktop_wechat_schedule_wiring.py", line 28, in start_publish
    self.assertEqual(
AssertionError: 'montage' != 'publish'
- montage
+ publish
 : authorized WeChat schedule started while its page was hidden

----------------------------------------------------------------------
Ran 1 test in 0.003s

FAILED (failures=1)
