test_authorized_schedule_is_visible_on_publish_page_before_task_start (test_desktop_wechat_schedule_wiring.DesktopWechatScheduleWiringTests.test_authorized_schedule_is_visible_on_publish_page_before_task_start)
新增页面后，已授权任务仍必须先切到用户可见的发布中心。 ... ONECLICK_DEV_WECHAT_SCHEDULE_STARTED taskId=42 taskNo=T-SCHEDULE schedule=2099-09-03 10:00
ok
test_normal_window_creation_configures_wechat_draft_bridge (test_desktop_wechat_draft_bridge_wiring.DesktopWechatDraftBridgeWiringTests.test_normal_window_creation_configures_wechat_draft_bridge) ... ok
test_automatic_montage_is_real_page_and_blocks_close_before_other_cleanup (test_main_window.MainWindowShutdownTests.test_automatic_montage_is_real_page_and_blocks_close_before_other_cleanup)
本地编码仍在运行时必须先阻止退出，不能继续关闭平台会话。 ... qt.qpa.fonts: Populating font family aliases took 56 ms. Replace uses of missing font family "Sans Serif" with one that exists to avoid this cost.
ok
test_close_event_shuts_down_commerce_before_all_browser_sessions (test_main_window.MainWindowShutdownTests.test_close_event_shuts_down_commerce_before_all_browser_sessions)
若全局浏览器先关，采集代际将失去可审计的统一收口。 ... ok
test_close_event_stops_before_global_cleanup_when_commerce_shutdown_fails (test_main_window.MainWindowShutdownTests.test_close_event_stops_before_global_cleanup_when_commerce_shutdown_fails)
采集器未在截止内归零时，主窗口必须拒绝关闭且不动全局浏览器。 ... ok
test_close_event_stops_when_data_monitor_shutdown_fails (test_main_window.MainWindowShutdownTests.test_close_event_stops_when_data_monitor_shutdown_fails)
数据采集未收束时不得停止账号检测或关闭全局浏览器。 ... ok
test_data_monitor_is_a_real_page_and_shutdown_precedes_global_cleanup (test_main_window.MainWindowShutdownTests.test_data_monitor_is_a_real_page_and_shutdown_precedes_global_cleanup)
数据监测不能继续留在开发中，且采集任务必须先于全局浏览器关闭。 ... ok
test_source_live_mode_is_unmistakable_in_window_and_sidebar (test_main_window.MainWindowShutdownTests.test_source_live_mode_is_unmistakable_in_window_and_sidebar)
共用正式账号时若没有醒目标识，用户会把源码联调误认成正式客户端。 ... ok
test_disabled_page_backend_entry_stops_before_background_work (test_publish_page.PublishPageFacebookControlledTests.test_disabled_page_backend_entry_stops_before_background_work) ... ok
test_facebook_formal_cancel_creates_no_authorization (test_publish_page.PublishPageFacebookControlledTests.test_facebook_formal_cancel_creates_no_authorization) ... ok
test_facebook_ui_formal_uses_preflight_authorization_not_meta_flags (test_publish_page.PublishPageFacebookControlledTests.test_facebook_ui_formal_uses_preflight_authorization_not_meta_flags) ... This plugin does not support propagateSizeHints()
ok
test_facebook_ui_preflight_uses_standard_controlled_payload (test_publish_page.PublishPageFacebookControlledTests.test_facebook_ui_preflight_uses_standard_controlled_payload) ... ok
test_page_backend_open_is_non_blocking_deduplicated_and_fails_safely_on_ui_thread (test_publish_page.PublishPageFacebookControlledTests.test_page_backend_open_is_non_blocking_deduplicated_and_fails_safely_on_ui_thread) ... ok
test_page_backend_open_success_returns_on_ui_thread (test_publish_page.PublishPageFacebookControlledTests.test_page_backend_open_success_returns_on_ui_thread) ... ok
test_page_selection_disables_unsupported_controls_without_clearing_values (test_publish_page.PublishPageFacebookControlledTests.test_page_selection_disables_unsupported_controls_without_clearing_values) ... ok
test_parent_waiting_verification_keeps_task_active_and_polling (test_publish_page.PublishPageFacebookControlledTests.test_parent_waiting_verification_keeps_task_active_and_polling) ... ok
test_projection_failure_logs_one_safe_diagnostic_and_keeps_polling (test_publish_page.PublishPageFacebookControlledTests.test_projection_failure_logs_one_safe_diagnostic_and_keeps_polling) ... ok
test_saved_page_name_and_id_tail_are_visible_but_default_off_hides_entry (test_publish_page.PublishPageFacebookControlledTests.test_saved_page_name_and_id_tail_are_visible_but_default_off_hides_entry) ... ok
test_stored_page_metadata_rejects_before_confirmation_authorization_or_worker (test_publish_page.PublishPageFacebookControlledTests.test_stored_page_metadata_rejects_before_confirmation_authorization_or_worker) ... ok
test_ui_manifest_and_gateway_equivalent_outcomes_share_replay_fingerprint (test_publish_page.PublishPageFacebookControlledTests.test_ui_manifest_and_gateway_equivalent_outcomes_share_replay_fingerprint) ... ok
test_unsupported_facebook_settings_stop_before_confirmation (test_publish_page.PublishPageFacebookControlledTests.test_unsupported_facebook_settings_stop_before_confirmation) ... ok
test_waiting_verification_renders_one_action_without_failure (test_publish_page.PublishPageFacebookControlledTests.test_waiting_verification_renders_one_action_without_failure) ... ok
test_compatibility_gateway_bar_is_hidden_from_publish_center (test_publish_page.PublishPageWechatDraftQueueTests.test_compatibility_gateway_bar_is_hidden_from_publish_center) ... ok
test_running_draft_queue_surfaces_pending_native_wechat_verification (test_publish_page.PublishPageWechatDraftQueueTests.test_running_draft_queue_surfaces_pending_native_wechat_verification) ... ok
test_wechat_draft_queue_is_explicit_and_disabled_by_default (test_publish_page.PublishPageWechatDraftQueueTests.test_wechat_draft_queue_is_explicit_and_disabled_by_default) ... ok
test_refresh_accounts_includes_publishable_oauth_channel (test_publish_page.PublishPageYouTubeSettingsTests.test_refresh_accounts_includes_publishable_oauth_channel) ... ok
test_youtube_defaults_private_and_requires_explicit_audience (test_publish_page.PublishPageYouTubeSettingsTests.test_youtube_defaults_private_and_requires_explicit_audience) ... ok
test_youtube_formal_publish_requires_explicit_audience (test_publish_page.PublishPageYouTubeSettingsTests.test_youtube_formal_publish_requires_explicit_audience) ... ok
test_youtube_preflight_allows_audience_to_remain_unselected (test_publish_page.PublishPageYouTubeSettingsTests.test_youtube_preflight_allows_audience_to_remain_unselected) ... ok
test_youtube_private_does_not_inherit_common_schedule (test_publish_page.PublishPageYouTubeSettingsTests.test_youtube_private_does_not_inherit_common_schedule) ... ok
test_youtube_scheduled_public_requires_own_schedule (test_publish_page.PublishPageYouTubeSettingsTests.test_youtube_scheduled_public_requires_own_schedule) ... ok
test_youtube_settings_save_and_restore_without_guessing_audience (test_publish_page.PublishPageYouTubeSettingsTests.test_youtube_settings_save_and_restore_without_guessing_audience) ... ok
test_youtube_summary_names_official_api_and_exact_settings (test_publish_page.PublishPageYouTubeSettingsTests.test_youtube_summary_names_official_api_and_exact_settings) ... ok
test_author_is_completely_skipped_without_original_declaration (test_wechat_publish_policy.WechatPublishPolicyTests.test_author_is_completely_skipped_without_original_declaration) ... ok
test_auto_publish_stops_when_group_notification_is_on (test_wechat_publish_policy.WechatPublishPolicyTests.test_auto_publish_stops_when_group_notification_is_on) ... ok
test_exact_group_notification_scope_confirmation_is_allowed (test_wechat_publish_policy.WechatPublishPolicyTests.test_exact_group_notification_scope_confirmation_is_allowed) ... ok
test_execution_record_never_contains_session_contents (test_wechat_publish_policy.WechatPublishPolicyTests.test_execution_record_never_contains_session_contents) ... ok
test_explicit_group_notification_off_allows_platform_dependency (test_wechat_publish_policy.WechatPublishPolicyTests.test_explicit_group_notification_off_allows_platform_dependency) ... ok
test_group_notification_scope_blocks_changed_copy_or_buttons (test_wechat_publish_policy.WechatPublishPolicyTests.test_group_notification_scope_blocks_changed_copy_or_buttons) ... ok
test_group_notification_scope_never_auto_accepts_qr (test_wechat_publish_policy.WechatPublishPolicyTests.test_group_notification_scope_never_auto_accepts_qr) ... ok
test_group_notification_scope_routes_exact_disabled_notice (test_wechat_publish_policy.WechatPublishPolicyTests.test_group_notification_scope_routes_exact_disabled_notice) ... ok
test_matching_ai_image_declaration_is_allowed (test_wechat_publish_policy.WechatPublishPolicyTests.test_matching_ai_image_declaration_is_allowed) ... ok
test_missing_manifest_flag_is_blocked (test_wechat_publish_policy.WechatPublishPolicyTests.test_missing_manifest_flag_is_blocked) ... ok
test_nested_duplicate_dialog_nodes_count_as_one_visual_dialog (test_wechat_publish_policy.WechatPublishPolicyTests.test_nested_duplicate_dialog_nodes_count_as_one_visual_dialog) ... ok
test_new_wechat_publish_defaults_to_group_notification_on (test_wechat_publish_policy.WechatPublishPolicyTests.test_new_wechat_publish_defaults_to_group_notification_on) ... ok
test_only_exact_no_group_notification_confirmation_is_allowed (test_wechat_publish_policy.WechatPublishPolicyTests.test_only_exact_no_group_notification_confirmation_is_allowed) ... ok
test_original_selects_first_available_author_and_requires_readback (test_wechat_publish_policy.WechatPublishPolicyTests.test_original_selects_first_available_author_and_requires_readback) ... ok
test_public_policy_specific_hit_is_blocked (test_wechat_publish_policy.WechatPublishPolicyTests.test_public_policy_specific_hit_is_blocked) ... ok
test_qr_risk_and_extra_action_are_blocked (test_wechat_publish_policy.WechatPublishPolicyTests.test_qr_risk_and_extra_action_are_blocked) ... ok
test_schedule_never_infers_timer_from_unpaired_time (test_wechat_publish_policy.WechatPublishPolicyTests.test_schedule_never_infers_timer_from_unpaired_time) ... ok
test_schedule_uses_local_timezone_and_requires_future_readback (test_wechat_publish_policy.WechatPublishPolicyTests.test_schedule_uses_local_timezone_and_requires_future_readback) ... ok
test_err_aborted_after_submit_is_a_transient_navigation_error (test_wechat_publish_executor.WechatPublishExecutorBoundaryTests.test_err_aborted_after_submit_is_a_transient_navigation_error)
公众号已接收提交后的首页跳转中断不能被写成发表失败。 ... ok
test_formal_publish_rejects_douyin_non_video_content (test_wechat_publish_executor.WechatPublishExecutorBoundaryTests.test_formal_publish_rejects_douyin_non_video_content) ... ok
test_formal_publish_requires_explicit_non_dry_run (test_wechat_publish_executor.WechatPublishExecutorBoundaryTests.test_formal_publish_requires_explicit_non_dry_run) ... ok
test_immediate_home_card_confirms_title_and_unique_article_link (test_wechat_publish_executor.WechatPublishExecutorBoundaryTests.test_immediate_home_card_confirms_title_and_unique_article_link) ... ok
test_immediate_home_card_rejects_draft_or_ambiguous_link (test_wechat_publish_executor.WechatPublishExecutorBoundaryTests.test_immediate_home_card_rejects_draft_or_ambiguous_link) ... ok
test_navigation_context_error_is_recoverable_only_when_exactly_matched (test_wechat_publish_executor.WechatPublishExecutorBoundaryTests.test_navigation_context_error_is_recoverable_only_when_exactly_matched) ... ok
test_platform_date_label_maps_today_tomorrow_and_later (test_wechat_publish_executor.WechatPublishExecutorBoundaryTests.test_platform_date_label_maps_today_tomorrow_and_later) ... ok
test_preflight_still_requires_dry_run (test_wechat_publish_executor.WechatPublishExecutorBoundaryTests.test_preflight_still_requires_dry_run) ... ok
test_qr_report_never_records_dialog_or_qr_contents (test_wechat_publish_executor.WechatPublishExecutorBoundaryTests.test_qr_report_never_records_dialog_or_qr_contents) ... ok
test_schedule_must_be_enabled_and_future (test_wechat_publish_executor.WechatPublishExecutorBoundaryTests.test_schedule_must_be_enabled_and_future) ... ok
test_scheduled_home_card_is_independent_success_readback (test_wechat_publish_executor.WechatPublishExecutorBoundaryTests.test_scheduled_home_card_is_independent_success_readback) ... ok
test_scheduled_home_card_rejects_time_or_group_mismatch (test_wechat_publish_executor.WechatPublishExecutorBoundaryTests.test_scheduled_home_card_rejects_time_or_group_mismatch) ... ok
test_unknown_dialog_report_keeps_visible_copy_and_redacts_token (test_wechat_publish_executor.WechatPublishExecutorBoundaryTests.test_unknown_dialog_report_keeps_visible_copy_and_redacts_token) ... ok
test_capture_rejects_blank_prompt_without_qr (test_wechat_publish_executor.WechatQrCaptureTests.test_capture_rejects_blank_prompt_without_qr) ... ok
test_capture_skips_blank_prompt_container_and_uses_qr_pixels (test_wechat_publish_executor.WechatQrCaptureTests.test_capture_skips_blank_prompt_container_and_uses_qr_pixels) ... ok
test_cleanup_failure_cannot_override_a_verified_publish_result (test_wechat_publish_executor.WechatQrCaptureTests.test_cleanup_failure_cannot_override_a_verified_publish_result) ... ok
test_page_state_retries_destroyed_navigation_context (test_wechat_publish_executor.WechatQrCaptureTests.test_page_state_retries_destroyed_navigation_context) ... ok
test_post_submit_navigation_recovers_exact_immediate_home_readback (test_wechat_publish_executor.WechatQrCaptureTests.test_post_submit_navigation_recovers_exact_immediate_home_readback) ... ok
test_post_submit_navigation_recovers_exact_scheduled_home_card (test_wechat_publish_executor.WechatQrCaptureTests.test_post_submit_navigation_recovers_exact_scheduled_home_card) ... ok
test_verified_submit_immediately_resolves_exact_home_readback (test_wechat_publish_executor.WechatQrCaptureTests.test_verified_submit_immediately_resolves_exact_home_readback) ... ok
test_verified_submit_without_exact_readback_stops_republish (test_wechat_publish_executor.WechatQrCaptureTests.test_verified_submit_without_exact_readback_stops_republish) ... ok
test_after_intro_appended_after_first_section_is_rejected (test_wechat_preflight.WechatPreflightTests.test_after_intro_appended_after_first_section_is_rejected) ... ok
test_after_intro_final_dom_position_is_independently_verified (test_wechat_preflight.WechatPreflightTests.test_after_intro_final_dom_position_is_independently_verified) ... ok
test_after_intro_requires_intro_content_before_image (test_wechat_preflight.WechatPreflightTests.test_after_intro_requires_intro_content_before_image) ... ok
test_ambiguous_author_control_stops_without_clicking (test_wechat_preflight.WechatPreflightTests.test_ambiguous_author_control_stops_without_clicking) ... ok
test_author_display_name_ignores_ui_metadata (test_wechat_preflight.WechatPreflightTests.test_author_display_name_ignores_ui_metadata) ... ok
test_author_empty_list_stops_safely (test_wechat_preflight.WechatPreflightTests.test_author_empty_list_stops_safely) ... ok
test_author_list_load_failure_stops_safely (test_wechat_preflight.WechatPreflightTests.test_author_list_load_failure_stops_safely) ... ok
test_author_management_entry_is_never_selected (test_wechat_preflight.WechatPreflightTests.test_author_management_entry_is_never_selected) ... ok
test_author_only_async_path_cannot_bypass_safe_payload_validation (test_wechat_preflight.WechatPreflightTests.test_author_only_async_path_cannot_bypass_safe_payload_validation) ... ok
test_author_only_operation_does_not_call_article_workflow (test_wechat_preflight.WechatPreflightTests.test_author_only_operation_does_not_call_article_workflow) ... ok
test_author_only_sync_channel_requires_exact_safe_payload (test_wechat_preflight.WechatPreflightTests.test_author_only_sync_channel_requires_exact_safe_payload) ... ok
test_author_readback_mismatch_stops_safely (test_wechat_preflight.WechatPreflightTests.test_author_readback_mismatch_stops_safely) ... ok
test_body_images_are_uploaded_through_editor_toolbar_and_read_back (test_wechat_preflight.WechatPreflightTests.test_body_images_are_uploaded_through_editor_toolbar_and_read_back) ... ok
test_cover_candidate_is_removed_before_anchored_body_images (test_wechat_preflight.WechatPreflightTests.test_cover_candidate_is_removed_before_anchored_body_images) ... ok
test_cover_confirm_is_scrolled_into_view_before_click (test_wechat_preflight.WechatPreflightTests.test_cover_confirm_is_scrolled_into_view_before_click) ... ok
test_cover_crop_accepts_unique_rendered_confirm_below_viewport (test_wechat_preflight.WechatPreflightTests.test_cover_crop_accepts_unique_rendered_confirm_below_viewport) ... ok
test_cover_crop_accepts_verified_platform_auto_complete (test_wechat_preflight.WechatPreflightTests.test_cover_crop_accepts_verified_platform_auto_complete) ... ok
test_cover_crop_delayed_loading_waits_for_visible_confirm (test_wechat_preflight.WechatPreflightTests.test_cover_crop_delayed_loading_waits_for_visible_confirm) ... ok
test_cover_crop_hidden_confirm_is_never_clicked (test_wechat_preflight.WechatPreflightTests.test_cover_crop_hidden_confirm_is_never_clicked) ... ok
test_cover_crop_loading_times_out_without_guessing (test_wechat_preflight.WechatPreflightTests.test_cover_crop_loading_times_out_without_guessing) ... ok
test_cover_crop_snapshot_explicitly_excludes_back_button (test_wechat_preflight.WechatPreflightTests.test_cover_crop_snapshot_explicitly_excludes_back_button) ... ok
test_cover_is_inserted_before_body_images_then_selected_from_content (test_wechat_preflight.WechatPreflightTests.test_cover_is_inserted_before_body_images_then_selected_from_content) ... ok
test_cover_only_channel_requires_exact_safe_payload (test_wechat_preflight.WechatPreflightTests.test_cover_only_channel_requires_exact_safe_payload) ... ok
test_cover_only_operation_does_not_touch_other_article_fields (test_wechat_preflight.WechatPreflightTests.test_cover_only_operation_does_not_touch_other_article_fields) ... ok
test_cover_return_waits_until_dialog_closed_and_editor_visible (test_wechat_preflight.WechatPreflightTests.test_cover_return_waits_until_dialog_closed_and_editor_visible) ... ok
test_cover_selection_has_no_local_upload_or_publish_action (test_wechat_preflight.WechatPreflightTests.test_cover_selection_has_no_local_upload_or_publish_action) ... ok
test_default_author_selects_first_available_and_reads_back (test_wechat_preflight.WechatPreflightTests.test_default_author_selects_first_available_and_reads_back) ... ok
test_default_body_image_anchor_is_before_first_heading (test_wechat_preflight.WechatPreflightTests.test_default_body_image_anchor_is_before_first_heading) ... ok
test_editor_src_matches_cover_dialog_background_image (test_wechat_preflight.WechatPreflightTests.test_editor_src_matches_cover_dialog_background_image) ... ok
test_explicit_body_image_anchor_must_match_instead_of_falling_back (test_wechat_preflight.WechatPreflightTests.test_explicit_body_image_anchor_must_match_instead_of_falling_back) ... ok
test_explicit_heading_anchor_wins_and_legacy_remainder_is_distributed (test_wechat_preflight.WechatPreflightTests.test_explicit_heading_anchor_wins_and_legacy_remainder_is_distributed) ... ok
test_final_dom_position_count_must_match_assets (test_wechat_preflight.WechatPreflightTests.test_final_dom_position_count_must_match_assets) ... ok
test_final_dom_position_ignores_prosemirror_helper_image (test_wechat_preflight.WechatPreflightTests.test_final_dom_position_ignores_prosemirror_helper_image) ... ok
test_final_dom_position_requires_rendered_content_image (test_wechat_preflight.WechatPreflightTests.test_final_dom_position_requires_rendered_content_image) ... ok
test_frozen_draft_digest_requires_unique_visible_readback (test_wechat_preflight.WechatPreflightTests.test_frozen_draft_digest_requires_unique_visible_readback) ... ok
test_frozen_html_keeps_layout_and_extracts_body_image_anchors (test_wechat_preflight.WechatPreflightTests.test_frozen_html_keeps_layout_and_extracts_body_image_anchors) ... ok
test_frozen_html_visible_text_keeps_dom_block_boundaries (test_wechat_preflight.WechatPreflightTests.test_frozen_html_visible_text_keeps_dom_block_boundaries) ... ok
test_full_wechat_preflight_only_selects_author_for_explicit_original (test_wechat_preflight.WechatPreflightTests.test_full_wechat_preflight_only_selects_author_for_explicit_original) ... ok
test_hidden_dialog_node_does_not_block (test_wechat_preflight.WechatPreflightTests.test_hidden_dialog_node_does_not_block) ... ok
test_original_flag_must_be_explicit_boolean (test_wechat_preflight.WechatPreflightTests.test_original_flag_must_be_explicit_boolean) ... ok
test_page_text_readback_ignores_only_layout_whitespace_and_zero_width_marks (test_wechat_preflight.WechatPreflightTests.test_page_text_readback_ignores_only_layout_whitespace_and_zero_width_marks) ... ok
test_real_author_dom_selectors_cover_entry_list_option_and_readback (test_wechat_preflight.WechatPreflightTests.test_real_author_dom_selectors_cover_entry_list_option_and_readback) ... ok
test_real_viewport_dialog_still_blocks (test_wechat_preflight.WechatPreflightTests.test_real_viewport_dialog_still_blocks) ... ok
test_silicon_evolution_account_selects_only_its_tech_template (test_wechat_preflight.WechatPreflightTests.test_silicon_evolution_account_selects_only_its_tech_template) ... ok
test_silicon_evolution_template_matches_tech_editorial_contract (test_wechat_preflight.WechatPreflightTests.test_silicon_evolution_template_matches_tech_editorial_contract) ... ok
test_single_legacy_body_image_defaults_to_after_intro (test_wechat_preflight.WechatPreflightTests.test_single_legacy_body_image_defaults_to_after_intro) ... ok
test_two_mobile_candidates_are_restrained_and_semantically_identical (test_wechat_preflight.WechatPreflightTests.test_two_mobile_candidates_are_restrained_and_semantically_identical) ... ok
test_wechat_body_preserves_full_markdown_without_material_paths (test_wechat_preflight.WechatPreflightTests.test_wechat_body_preserves_full_markdown_without_material_paths) ... ok

----------------------------------------------------------------------
Ran 120 tests in 8.787s

OK
